// Jest Snapshot v1, https://jestjs.io/docs/snapshot-testing

exports[`eventToIcs converts notion objects to ics format 1`] = `
"BEGIN:VCALENDAR
VERSION:2.0
CALSCALE:GREGORIAN
PRODID:adamgibbons/ics
METHOD:PUBLISH
X-PUBLISHED-TTL:PT1H
BEGIN:VEVENT
UID:page-id
SUMMARY:Task 1
DTSTAMP:20260112T000000Z
DTSTART:2023-09-30
DTEND:2023-09-30
END:VEVENT
BEGIN:VEVENT
UID:page-id-2
SUMMARY:Task 2
DTSTAMP:20260112T000000Z
DTSTART:2023-10-01
DTEND:2023-10-01
END:VEVENT
END:VCALENDAR
"
`;
